[debug] [2026-08-31T10:43:03.322Z] ----------------------------------------------------------------------
[debug] [2026-08-31T10:43:03.335Z] Command:       C:\Program Files\nodejs\node.exe C:\Users\bokorovics\AppData\Roaming\npm\node_modules\firebase-tools\lib\bin\firebase.js deploy
[debug] [2026-08-31T10:43:03.336Z] CLI Version:   15.26.0
[debug] [2026-08-31T10:43:03.336Z] Platform:      win32
[debug] [2026-08-31T10:43:03.336Z] Node Version:  v24.19.0
[debug] [2026-08-31T10:43:03.336Z] Detected Agent: unknown
[debug] [2026-08-31T10:43:03.336Z] Time:          Mon Aug 31 2026 12:43:03 GMT+0200 (közép-európai nyári idő)
[debug] [2026-08-31T10:43:03.336Z] ----------------------------------------------------------------------
[debug] 
[debug] [2026-08-31T10:43:05.100Z] > command requires scopes: ["email","openid","https://www.googleapis.com/auth/cloudplatformprojects.readonly","https://www.googleapis.com/auth/firebase","https://www.googleapis.com/auth/cloud-platform"]
[debug] [2026-08-31T10:43:05.100Z] > authorizing via signed-in user (bokorovics@gmail.com)
[debug] [2026-08-31T10:43:05.100Z] [iam] checking project helpdesk-1a4ec for permissions ["firebase.projects.get","firebasehosting.sites.update"]
[debug] [2026-08-31T10:43:05.113Z] Checked if tokens are valid: false, expires at: 1788165386063
[debug] [2026-08-31T10:43:05.113Z] Checked if tokens are valid: false, expires at: 1788165386063
[debug] [2026-08-31T10:43:05.113Z] > refreshing access token with scopes: []
[debug] [2026-08-31T10:43:05.117Z] >>> [apiv2][query] POST https://www.googleapis.com/oauth2/v3/token [none]
[debug] [2026-08-31T10:43:05.117Z] >>> [apiv2][body] POST https://www.googleapis.com/oauth2/v3/token [omitted]
[debug] [2026-08-31T10:43:05.378Z] <<< [apiv2][status] POST https://www.googleapis.com/oauth2/v3/token 200
[debug] [2026-08-31T10:43:05.378Z] <<< [apiv2][body] POST https://www.googleapis.com/oauth2/v3/token [omitted]
[debug] [2026-08-31T10:43:05.387Z] >>> [apiv2][query] POST https://cloudresourcemanager.googleapis.com/v1/projects/helpdesk-1a4ec:testIamPermissions [none]
[debug] [2026-08-31T10:43:05.387Z] >>> [apiv2][(partial)header] POST https://cloudresourcemanager.googleapis.com/v1/projects/helpdesk-1a4ec:testIamPermissions  x-goog-user-project=helpdesk-1a4ec
[debug] [2026-08-31T10:43:05.387Z] >>> [apiv2][body] POST https://cloudresourcemanager.googleapis.com/v1/projects/helpdesk-1a4ec:testIamPermissions {"permissions":["firebase.projects.get","firebasehosting.sites.update"]}
